// Jest Snapshot v1, https://goo.gl/fbAQLP

exports[`CardContainer renders the CardContainer with the correct props 1`] = `
ShallowWrapper {
  Symbol(enzyme.__root__): [Circular],
  Symbol(enzyme.__unrendered__): <Unknown
    cardsData={
        Array [
            Object {
              "cardInfo": "card value",
            },
            Object {
              "cardInfo": "card value",
            },
          ]
    }
    toggleFavorites={[Function]}
/>,
  Symbol(enzyme.__renderer__): Object {
    "batchedUpdates": [Function],
    "getNode": [Function],
    "render": [Function],
    "simulateEvent": [Function],
    "unmount": [Function],
  },
  Symbol(enzyme.__node__): Object {
    "instance": null,
    "key": undefined,
    "nodeType": "host",
    "props": Object {
      "children": Array [
        <Unknown
          data={
                    Object {
                              "cardInfo": "card value",
                            }
          }
          toggleFavorites={[Function]}
/>,
        <Unknown
          data={
                    Object {
                              "cardInfo": "card value",
                            }
          }
          toggleFavorites={[Function]}
/>,
      ],
      "className": "card-container",
    },
    "ref": null,
    "rendered": Array [
      Object {
        "instance": null,
        "key": "0",
        "nodeType": "function",
        "props": Object {
          "data": Object {
            "cardInfo": "card value",
          },
          "toggleFavorites": [Function],
        },
        "ref": null,
        "rendered": null,
        "type": [Function],
      },
      Object {
        "instance": null,
        "key": "1",
        "nodeType": "function",
        "props": Object {
          "data": Object {
            "cardInfo": "card value",
          },
          "toggleFavorites": [Function],
        },
        "ref": null,
        "rendered": null,
        "type": [Function],
      },
    ],
    "type": "div",
  },
  Symbol(enzyme.__nodes__): Array [
    Object {
      "instance": null,
      "key": undefined,
      "nodeType": "host",
      "props": Object {
        "children": Array [
          <Unknown
            data={
                        Object {
                                    "cardInfo": "card value",
                                  }
            }
            toggleFavorites={[Function]}
/>,
          <Unknown
            data={
                        Object {
                                    "cardInfo": "card value",
                                  }
            }
            toggleFavorites={[Function]}
/>,
        ],
        "className": "card-container",
      },
      "ref": null,
      "rendered": Array [
        Object {
          "instance": null,
          "key": "0",
          "nodeType": "function",
          "props": Object {
            "data": Object {
              "cardInfo": "card value",
            },
            "toggleFavorites": [Function],
          },
          "ref": null,
          "rendered": null,
          "type": [Function],
        },
        Object {
          "instance": null,
          "key": "1",
          "nodeType": "function",
          "props": Object {
            "data": Object {
              "cardInfo": "card value",
            },
            "toggleFavorites": [Function],
          },
          "ref": null,
          "rendered": null,
          "type": [Function],
        },
      ],
      "type": "div",
    },
  ],
  Symbol(enzyme.__options__): Object {
    "adapter": ReactSixteenAdapter {
      "options": Object {
        "enableComponentDidUpdateOnSetState": true,
        "lifecycles": Object {
          "componentDidUpdate": Object {
            "onSetState": true,
          },
          "getSnapshotBeforeUpdate": true,
        },
      },
    },
    "attachTo": undefined,
    "disableLifecycleMethods": true,
    "hydrateIn": undefined,
  },
}
`;
